2026-01-21 17:52:19 | INFO | ConnectionlessDownlink | b'\x10\x18\x1a\x16\n\x14burn x = 200 y = 200'
2026-01-21 17:52:19 | INFO | ConnectionlessDownlink | b'\x10\x19\x1a\x16\n\x14burn x = 200 y = 200'
2026-01-21 17:52:20 | INFO | ConnectionlessDownlink | b'\x10\x19\x1a\x12\n\x10send health data'
2026-01-21 17:52:20 | INFO | ConnectionlessDownlink | b'\x10\x18\x1a\x12\n\x10send health data'
2026-01-21 17:52:22 | INFO | ConnectionlessDownlink | b'\x10\x18\x1a\x16\n\x14burn x = 300 y = 400'
2026-01-21 17:52:23 | INFO | ConnectionlessDownlink | b'\x10\x18\x1a\x12\n\x10send health data'
2026-01-21 17:52:24 | INFO | ConnectionlessDownlink | b'\x10\x18\x1a\x0c\n\nexit orbit'
2026-01-21 17:53:56 | INFO | ConnectionlessDownlink | b'\x10\x19\x1a\x16\n\x14burn x = 200 y = 200'
2026-01-21 17:53:57 | INFO | ConnectionlessDownlink | b'\x10\x18\x1a\x12\n\x10send health data'
2026-01-21 17:53:57 | INFO | ConnectionlessDownlink | b'\x10\x19\x1a\x12\n\x10send health data'
2026-01-21 17:53:58 | INFO | ConnectionlessDownlink | b'\x10\x18\x1a\x16\n\x14burn x = 300 y = 400'
2026-01-21 17:53:59 | INFO | ConnectionlessDownlink | b'\x10\x18\x1a\x12\n\x10send health data'
2026-01-21 17:54:00 | INFO | ConnectionlessDownlink | b'\x10\x18\x1a\x0c\n\nexit orbit'
2026-01-21 17:59:38 | INFO | ConnectionlessDownlink | b'\x10\x18\x1a\x16\n\x14burn x = 200 y = 200'
2026-01-21 17:59:38 | INFO | ConnectionlessDownlink | b'\x10\x19\x1a\x16\n\x14burn x = 200 y = 200'
2026-01-21 17:59:39 | INFO | ConnectionlessDownlink | b'\x10\x18\x1a\x12\n\x10send health data'
2026-01-21 17:59:39 | INFO | ConnectionlessDownlink | b'\x10\x19\x1a\x12\n\x10send health data'
2026-01-21 17:59:40 | INFO | ConnectionlessDownlink | b'\x10\x18\x1a\x16\n\x14burn x = 300 y = 400'
2026-01-21 17:59:41 | INFO | ConnectionlessDownlink | b'\x10\x18\x1a\x12\n\x10send health data'
2026-01-21 17:59:42 | INFO | ConnectionlessDownlink | b'\x10\x18\x1a\x0c\n\nexit orbit'
2026-01-21 18:00:04 | INFO | ConnectionlessDownlink | b'\x10\x18\x1a\x16\n\x14burn x = 200 y = 200'
2026-01-21 18:00:04 | INFO | ConnectionlessDownlink | b'\x10\x19\x1a\x16\n\x14burn x = 200 y = 200'
2026-01-21 18:00:05 | INFO | ConnectionlessDownlink | b'\x10\x18\x1a\x12\n\x10send health data'
2026-01-21 18:00:05 | INFO | ConnectionlessDownlink | b'\x10\x19\x1a\x12\n\x10send health data'
2026-01-21 18:00:06 | INFO | ConnectionlessDownlink | b'\x10\x18\x1a\x16\n\x14burn x = 300 y = 400'
2026-01-21 18:00:07 | INFO | ConnectionlessDownlink | b'\x10\x18\x1a\x12\n\x10send health data'
2026-01-21 18:00:08 | INFO | ConnectionlessDownlink | b'\x10\x18\x1a\x0c\n\nexit orbit'
2026-01-21 18:00:11 | INFO | ConnectionlessDownlink | b'\x10\x19\x1a\x0c\n\nexit orbit'
2026-01-21 18:00:37 | INFO | ConnectionlessDownlink | b'\x10\x19\x1a\x16\n\x14burn x = 200 y = 200'
2026-01-21 18:00:37 | INFO | ConnectionlessDownlink | b'\x10\x18\x1a\x16\n\x14burn x = 200 y = 200'
2026-01-21 18:00:38 | INFO | ConnectionlessDownlink | b'\x10\x18\x1a\x12\n\x10send health data'
2026-01-21 18:00:38 | INFO | ConnectionlessDownlink | b'\x10\x19\x1a\x12\n\x10send health data'
2026-01-21 18:00:39 | INFO | ConnectionlessDownlink | b'\x10\x18\x1a\x16\n\x14burn x = 300 y = 400'
2026-01-21 18:00:40 | INFO | ConnectionlessDownlink | b'\x10\x18\x1a\x12\n\x10send health data'
2026-01-21 18:00:44 | INFO | ConnectionlessDownlink | b'\x10\x19\x1a\x0c\n\nexit orbit'
2026-01-21 18:02:54 | INFO | ConnectionlessDownlink | b'\x10\x18\x1a\x16\n\x14burn x = 200 y = 200'
2026-01-21 18:02:55 | INFO | ConnectionlessDownlink | b'\x10\x18\x1a\x12\n\x10send health data'
2026-01-21 18:02:56 | INFO | ConnectionlessDownlink | b'\x10\x18\x1a\x16\n\x14burn x = 300 y = 400'
2026-01-21 18:02:57 | INFO | ConnectionlessDownlink | b'\x10\x18\x1a\x12\n\x10send health data'
2026-01-21 18:02:58 | INFO | ConnectionlessDownlink | b'\x10\x18\x1a\x0c\n\nexit orbit'
2026-01-21 18:03:06 | INFO | ConnectionlessDownlink | b'\x10\x18\x1a\x16\n\x14burn x = 200 y = 200'
2026-01-21 18:03:07 | INFO | ConnectionlessDownlink | b'\x10\x18\x1a\x12\n\x10send health data'
2026-01-21 18:03:08 | INFO | ConnectionlessDownlink | b'\x10\x18\x1a\x16\n\x14burn x = 300 y = 400'
2026-01-21 18:03:09 | INFO | ConnectionlessDownlink | b'\x10\x18\x1a\x12\n\x10send health data'
2026-01-21 18:03:15 | INFO | ConnectionlessDownlink | b'\x10\x18\x1a\x16\n\x14burn x = 200 y = 200'
2026-01-21 18:03:16 | INFO | ConnectionlessDownlink | b'\x10\x18\x1a\x12\n\x10send health data'
2026-01-21 18:03:17 | INFO | ConnectionlessDownlink | b'\x10\x18\x1a\x16\n\x14burn x = 300 y = 400'
2026-01-21 18:03:18 | INFO | ConnectionlessDownlink | b'\x10\x18\x1a\x12\n\x10send health data'
2026-01-21 18:03:19 | INFO | ConnectionlessDownlink | b'\x10\x18\x1a\x0c\n\nexit orbit'
2026-01-21 18:04:03 | INFO | ConnectionlessDownlink | b'\x10\x18\x1a\x16\n\x14burn x = 200 y = 200'
2026-01-21 18:04:03 | INFO | ConnectionlessDownlink | b'\x10\x19\x1a\x16\n\x14burn x = 200 y = 200'
2026-01-21 18:04:04 | INFO | ConnectionlessDownlink | b'\x10\x18\x1a\x12\n\x10send health data'
2026-01-21 18:04:04 | INFO | ConnectionlessDownlink | b'\x10\x19\x1a\x12\n\x10send health data'
2026-01-21 18:04:05 | INFO | ConnectionlessDownlink | b'\x10\x18\x1a\x16\n\x14burn x = 300 y = 400'
2026-01-21 18:04:06 | INFO | ConnectionlessDownlink | b'\x10\x18\x1a\x12\n\x10send health data'
2026-01-21 18:04:07 | INFO | ConnectionlessDownlink | b'\x10\x18\x1a\x0c\n\nexit orbit'
2026-01-21 18:04:08 | INFO | ConnectionlessDownlink | b'\x10\x19\x1a\x16\n\x14burn x = 300 y = 400'
2026-01-21 18:04:09 | INFO | ConnectionlessDownlink | b'\x10\x19\x1a\x12\n\x10send health data'
2026-01-21 18:04:10 | INFO | ConnectionlessDownlink | b'\x10\x19\x1a\x0c\n\nexit orbit'
2026-01-21 18:04:58 | INFO | ConnectionlessDownlink | b'\x10\x18\x1a\x16\n\x14burn x = 200 y = 200'
2026-01-21 18:04:58 | INFO | ConnectionlessDownlink | b'\x10\x19\x1a\x16\n\x14burn x = 200 y = 200'
2026-01-21 18:04:59 | INFO | ConnectionlessDownlink | b'\x10\x18\x1a\x12\n\x10send health data'
2026-01-21 18:04:59 | INFO | ConnectionlessDownlink | b'\x10\x19\x1a\x12\n\x10send health data'
2026-01-21 18:05:00 | INFO | ConnectionlessDownlink | b'\x10\x18\x1a\x16\n\x14burn x = 300 y = 400'
2026-01-21 18:05:01 | INFO | ConnectionlessDownlink | b'\x10\x18\x1a\x12\n\x10send health data'
2026-01-21 18:05:02 | INFO | ConnectionlessDownlink | b'\x10\x18\x1a\x0c\n\nexit orbit'
2026-01-21 18:05:03 | INFO | ConnectionlessDownlink | b'\x10\x19\x1a\x16\n\x14burn x = 300 y = 400'
2026-01-21 18:05:04 | INFO | ConnectionlessDownlink | b'\x10\x19\x1a\x12\n\x10send health data'
2026-01-21 18:05:05 | INFO | ConnectionlessDownlink | b'\x10\x19\x1a\x0c\n\nexit orbit'
2026-01-21 18:05:16 | INFO | ConnectionlessDownlink | b'\x10\x18\x1a\x16\n\x14burn x = 200 y = 200'
2026-01-21 18:05:16 | INFO | ConnectionlessDownlink | b'\x10\x19\x1a\x16\n\x14burn x = 200 y = 200'
2026-01-21 18:05:17 | INFO | ConnectionlessDownlink | b'\x10\x18\x1a\x12\n\x10send health data'
2026-01-21 18:05:17 | INFO | ConnectionlessDownlink | b'\x10\x19\x1a\x12\n\x10send health data'
2026-01-21 18:05:18 | INFO | ConnectionlessDownlink | b'\x10\x18\x1a\x16\n\x14burn x = 300 y = 400'
2026-01-21 18:05:19 | INFO | ConnectionlessDownlink | b'\x10\x18\x1a\x12\n\x10send health data'
2026-01-21 18:05:21 | INFO | ConnectionlessDownlink | b'\x10\x19\x1a\x16\n\x14burn x = 300 y = 400'
2026-01-21 18:05:22 | INFO | ConnectionlessDownlink | b'\x10\x19\x1a\x12\n\x10send health data'
2026-01-21 18:05:23 | INFO | ConnectionlessDownlink | b'\x10\x19\x1a\x0c\n\nexit orbit'
2026-01-21 18:05:55 | INFO | ConnectionlessDownlink | b'\x10\x19\x1a\x16\n\x14burn x = 200 y = 200'
2026-01-21 18:05:55 | INFO | ConnectionlessDownlink | b'\x10\x18\x1a\x16\n\x14burn x = 200 y = 200'
2026-01-21 18:05:56 | INFO | ConnectionlessDownlink | b'\x10\x18\x1a\x12\n\x10send health data'
2026-01-21 18:05:56 | INFO | ConnectionlessDownlink | b'\x10\x19\x1a\x12\n\x10send health data'
2026-01-21 18:05:57 | INFO | ConnectionlessDownlink | b'\x10\x18\x1a\x16\n\x14burn x = 300 y = 400'
2026-01-21 18:05:58 | INFO | ConnectionlessDownlink | b'\x10\x18\x1a\x12\n\x10send health data'
2026-01-21 18:05:59 | INFO | ConnectionlessDownlink | b'\x10\x18\x1a\x0c\n\nexit orbit'
2026-01-21 18:06:00 | INFO | ConnectionlessDownlink | b'\x10\x19\x1a\x16\n\x14burn x = 300 y = 400'
2026-01-21 18:06:01 | INFO | ConnectionlessDownlink | b'\x10\x19\x1a\x12\n\x10send health data'
2026-01-21 18:06:02 | INFO | ConnectionlessDownlink | b'\x10\x19\x1a\x0c\n\nexit orbit'
2026-01-21 18:06:58 | INFO | ConnectionlessDownlink | b'\x10\x19\x1a\x16\n\x14burn x = 200 y = 200'
2026-01-21 18:06:58 | INFO | ConnectionlessDownlink | b'\x10\x18\x1a\x16\n\x14burn x = 200 y = 200'
2026-01-21 18:06:59 | INFO | ConnectionlessDownlink | b'\x10\x19\x1a\x12\n\x10send health data'
2026-01-21 18:06:59 | INFO | ConnectionlessDownlink | b'\x10\x18\x1a\x12\n\x10send health data'
2026-01-21 18:07:00 | INFO | ConnectionlessDownlink | b'\x10\x18\x1a\x16\n\x14burn x = 300 y = 400'
2026-01-21 18:07:01 | INFO | ConnectionlessDownlink | b'\x10\x18\x1a\x12\n\x10send health data'
2026-01-21 18:07:02 | INFO | ConnectionlessDownlink | b'\x10\x18\x1a\x0c\n\nexit orbit'
2026-01-21 18:07:03 | INFO | ConnectionlessDownlink | b'\x10\x19\x1a\x16\n\x14burn x = 300 y = 400'
2026-01-21 18:08:08 | INFO | ConnectionlessDownlink | b'\x10\x19\x1a\x16\n\x14burn x = 200 y = 200'
2026-01-21 18:08:08 | INFO | ConnectionlessDownlink | b'\x10\x18\x1a\x16\n\x14burn x = 200 y = 200'
2026-01-21 18:08:09 | INFO | ConnectionlessDownlink | b'\x10\x18\x1a\x12\n\x10send health data'
2026-01-21 18:08:09 | INFO | ConnectionlessDownlink | b'\x10\x19\x1a\x12\n\x10send health data'
2026-01-21 18:08:10 | INFO | ConnectionlessDownlink | b'\x10\x18\x1a\x16\n\x14burn x = 300 y = 400'
2026-01-21 18:08:11 | INFO | ConnectionlessDownlink | b'\x10\x18\x1a\x12\n\x10send health data'
2026-01-21 18:09:02 | INFO | ConnectionlessDownlink | b'\x10\x19\x1a\x16\n\x14burn x = 200 y = 200'
2026-01-21 18:09:02 | INFO | ConnectionlessDownlink | b'\x10\x18\x1a\x16\n\x14burn x = 200 y = 200'
2026-01-21 18:09:03 | INFO | ConnectionlessDownlink | b'\x10\x19\x1a\x12\n\x10send health data'
2026-01-21 18:09:03 | INFO | ConnectionlessDownlink | b'\x10\x18\x1a\x12\n\x10send health data'
2026-01-21 18:09:04 | INFO | ConnectionlessDownlink | b'\x10\x18\x1a\x16\n\x14burn x = 300 y = 400'
2026-01-21 18:09:05 | INFO | ConnectionlessDownlink | b'\x10\x18\x1a\x12\n\x10send health data'
2026-01-21 18:09:07 | INFO | ConnectionlessDownlink | b'\x10\x19\x1a\x16\n\x14burn x = 300 y = 400'
2026-01-21 18:09:08 | INFO | ConnectionlessDownlink | b'\x10\x19\x1a\x12\n\x10send health data'
2026-01-21 18:09:18 | INFO | ConnectionlessDownlink | b'\x10\x19\x1a\x16\n\x14burn x = 200 y = 200'
2026-01-21 18:09:19 | INFO | ConnectionlessDownlink | b'\x10\x18\x1a\x12\n\x10send health data'
2026-01-21 18:09:19 | INFO | ConnectionlessDownlink | b'\x10\x19\x1a\x12\n\x10send health data'
2026-01-21 18:09:20 | INFO | ConnectionlessDownlink | b'\x10\x18\x1a\x16\n\x14burn x = 300 y = 400'
2026-01-21 18:09:21 | INFO | ConnectionlessDownlink | b'\x10\x18\x1a\x12\n\x10send health data'
2026-01-21 18:09:22 | INFO | ConnectionlessDownlink | b'\x10\x18\x1a\x0c\n\nexit orbit'
2026-01-21 18:09:23 | INFO | ConnectionlessDownlink | b'\x10\x19\x1a\x16\n\x14burn x = 300 y = 400'
2026-01-21 18:09:24 | INFO | ConnectionlessDownlink | b'\x10\x19\x1a\x12\n\x10send health data'
2026-01-21 18:09:25 | INFO | ConnectionlessDownlink | b'\x10\x19\x1a\x0c\n\nexit orbit'
2026-01-21 18:15:38 | INFO | ConnectionlessDownlink | b'\x10\x18\x1a\x16\n\x14burn x = 200 y = 200'
2026-01-21 18:15:38 | INFO | ConnectionlessDownlink | b'\x10\x19\x1a\x16\n\x14burn x = 200 y = 200'
2026-01-21 18:15:39 | INFO | ConnectionlessDownlink | b'\x10\x18\x1a\x12\n\x10send health data'
2026-01-21 18:15:39 | INFO | ConnectionlessDownlink | b'\x10\x19\x1a\x12\n\x10send health data'
2026-01-21 18:15:40 | INFO | ConnectionlessDownlink | b'\x10\x18\x1a\x16\n\x14burn x = 300 y = 400'
2026-01-21 18:15:41 | INFO | ConnectionlessDownlink | b'\x10\x18\x1a\x12\n\x10send health data'
2026-01-21 18:15:42 | INFO | ConnectionlessDownlink | b'\x10\x18\x1a\x0c\n\nexit orbit'
2026-01-21 18:15:43 | INFO | ConnectionlessDownlink | b'\x10\x19\x1a\x16\n\x14burn x = 300 y = 400'
2026-01-21 18:15:44 | INFO | ConnectionlessDownlink | b'\x10\x19\x1a\x12\n\x10send health data'
2026-01-21 18:15:45 | INFO | ConnectionlessDownlink | b'\x10\x19\x1a\x0c\n\nexit orbit'
2026-01-21 18:18:00 | INFO | ConnectionlessDownlink | b'\x10\x18\x1a\x16\n\x14burn x = 200 y = 200'
2026-01-21 18:18:01 | INFO | ConnectionlessDownlink | b'\x10\x18\x1a\x12\n\x10send health data'
2026-01-21 18:18:01 | INFO | ConnectionlessDownlink | b'\x10\x19\x1a\x12\n\x10send health data'
2026-01-21 18:18:02 | INFO | ConnectionlessDownlink | b'\x10\x18\x1a\x16\n\x14burn x = 300 y = 400'
2026-01-21 18:18:03 | INFO | ConnectionlessDownlink | b'\x10\x19\x1a\x16\n\x14burn x = 300 y = 400'
2026-01-21 18:18:03 | INFO | ConnectionlessDownlink | b'\x10\x18\x1a\x12\n\x10send health data'
2026-01-21 18:18:04 | INFO | ConnectionlessDownlink | b'\x10\x18\x1a\x0c\n\nexit orbit'
2026-01-21 18:18:04 | INFO | ConnectionlessDownlink | b'\x10\x19\x1a\x12\n\x10send health data'
2026-01-21 18:18:06 | INFO | ConnectionlessDownlink | b'\x10\x19\x1a\x0c\n\nexit orbit'
2026-01-21 18:18:46 | INFO | ConnectionlessDownlink | b'\x10\x18\x1a\x16\n\x14burn x = 200 y = 200'
2026-01-21 18:18:46 | INFO | ConnectionlessDownlink | b'\x10\x19\x1a\x16\n\x14burn x = 200 y = 200'
2026-01-21 18:18:47 | INFO | ConnectionlessDownlink | b'\x10\x19\x1a\x12\n\x10send health data'
2026-01-21 18:18:47 | INFO | ConnectionlessDownlink | b'\x10\x18\x1a\x12\n\x10send health data'
2026-01-21 18:18:48 | INFO | ConnectionlessDownlink | b'\x10\x18\x1a\x17\n\x15connected uplink mode'
2026-01-21 18:18:49 | INFO | ConnectionlessDownlink | b'\x10\x19\x1a\x16\n\x14burn x = 300 y = 400'
2026-01-21 18:18:49 | INFO | ConnectionlessDownlink | b'\x10\x18\x1a\x16\n\x14burn x = 300 y = 400'
2026-01-21 18:18:50 | INFO | ConnectionlessDownlink | b'\x10\x18\x1a\x12\n\x10send health data'
2026-01-21 18:18:50 | INFO | ConnectionlessDownlink | b'\x10\x19\x1a\x12\n\x10send health data'
2026-01-21 18:18:51 | INFO | ConnectionlessDownlink | b'\x10\x18\x1a\x19\n\x17connected downlink mode'
2026-01-21 18:18:52 | INFO | ConnectionlessDownlink | b'\x10\x18\x1a\x0c\n\nexit orbit'
2026-01-21 18:22:54 | INFO | ConnectionlessDownlink | <coroutine object AudimusSessionLayer.process_tx at 0x000001D37238B220>
2026-01-21 18:22:54 | INFO | ConnectionlessDownlink | <coroutine object GroundStationSessionLayer.process_tx at 0x00000250EC253AE0>
2026-01-21 18:22:55 | INFO | ConnectionlessDownlink | <coroutine object GroundStationSessionLayer.process_tx at 0x00000250EC253BC0>
2026-01-21 18:22:57 | INFO | ConnectionlessDownlink | <coroutine object GroundStationSessionLayer.process_tx at 0x00000250EC2534C0>
2026-01-21 18:24:01 | INFO | ConnectionlessDownlink | <coroutine object AudimusSessionLayer.process_tx at 0x0000018656FAB220>
2026-01-21 18:24:01 | INFO | ConnectionlessDownlink | <coroutine object GroundStationSessionLayer.process_tx at 0x000001C5A9263AE0>
2026-01-21 18:24:02 | INFO | ConnectionlessDownlink | <coroutine object GroundStationSessionLayer.process_tx at 0x000001C5A9263BC0>
2026-01-21 18:24:04 | INFO | ConnectionlessDownlink | <coroutine object GroundStationSessionLayer.process_tx at 0x000001C5A92634C0>
2026-01-21 18:24:05 | INFO | ConnectionlessDownlink | <coroutine object GroundStationSessionLayer.process_tx at 0x000001C5A9284660>
2026-01-21 18:24:07 | INFO | ConnectionlessDownlink | <coroutine object GroundStationSessionLayer.process_tx at 0x000001C5A9284820>
2026-01-21 18:24:32 | INFO | ConnectionlessDownlink | <coroutine object AudimusSessionLayer.process_tx at 0x000002E1092BB220>
2026-01-21 18:24:32 | INFO | ConnectionlessDownlink | <coroutine object GroundStationSessionLayer.process_tx at 0x0000018513377AC0>
2026-01-21 18:24:33 | INFO | ConnectionlessDownlink | <coroutine object GroundStationSessionLayer.process_tx at 0x0000018513377100>
2026-01-21 18:24:35 | INFO | ConnectionlessDownlink | <coroutine object GroundStationSessionLayer.process_tx at 0x000001851313AC20>
2026-01-21 18:24:36 | INFO | ConnectionlessDownlink | <coroutine object GroundStationSessionLayer.process_tx at 0x0000018513377AC0>
2026-01-21 18:24:38 | INFO | ConnectionlessDownlink | <coroutine object GroundStationSessionLayer.process_tx at 0x0000018513377D30>
2026-01-21 18:25:15 | INFO | ConnectionlessDownlink | <coroutine object AudimusSessionLayer.process_tx at 0x0000020ED03DB220>
2026-01-21 18:25:15 | INFO | ConnectionlessDownlink | b'\x10\x19\x1a\x16\n\x14burn x = 200 y = 200'
2026-01-21 18:25:16 | INFO | ConnectionlessDownlink | b'\x10\x19\x1a\x12\n\x10send health data'
2026-01-21 18:26:41 | INFO | ConnectionlessDownlink | b'\x10\x18\x1a\x16\n\x14burn x = 200 y = 200'
2026-01-21 18:26:41 | INFO | ConnectionlessDownlink | b'\x10\x19\x1a\x16\n\x14burn x = 200 y = 200'
2026-01-21 18:26:42 | INFO | ConnectionlessDownlink | b'\x10\x19\x1a\x12\n\x10send health data'
2026-01-21 18:26:42 | INFO | ConnectionlessDownlink | b'\x10\x18\x1a\x12\n\x10send health data'
2026-01-21 18:26:43 | INFO | ConnectionlessDownlink | b'\x10\x18\x1a\x17\n\x15connected uplink mode'
2026-01-21 18:26:44 | INFO | ConnectionlessDownlink | b'\x10\x18\x1a\x16\n\x14burn x = 300 y = 400'
2026-01-21 18:26:45 | INFO | ConnectionlessDownlink | b'\x10\x18\x1a\x12\n\x10send health data'
2026-01-21 18:26:46 | INFO | ConnectionlessDownlink | b'\x10\x18\x1a\x19\n\x17connected downlink mode'
2026-01-21 18:26:47 | INFO | ConnectionlessDownlink | b'\x10\x18\x1a\x0c\n\nexit orbit'
2026-02-06 23:06:50 | INFO | ConnectionlessDownlink | dropped packet number 2
2026-02-06 23:06:50 | INFO | ConnectionlessDownlink | dropped packet number 2
2026-02-06 23:06:50 | INFO | ConnectionlessDownlink | dropped packet number 2
2026-02-06 23:08:21 | INFO | ConnectionlessDownlink | dropped packet number 4
2026-02-06 23:08:21 | INFO | ConnectionlessDownlink | dropped packet number 4
2026-02-06 23:11:35 | INFO | ConnectionlessDownlink | out-of-order or duplicate packet 1
2026-02-06 23:11:38 | INFO | ConnectionlessDownlink | out-of-order or duplicate packet 4
2026-02-06 23:11:39 | INFO | ConnectionlessDownlink | out-of-order or duplicate packet 5
2026-02-06 23:17:14 | INFO | ConnectionlessDownlink | connecitonless donwlink online
2026-02-06 23:17:14 | INFO | ConnectionlessDownlink | connecitonless donwlink online
2026-02-06 23:17:14 | INFO | ConnectionlessDownlink | connecitonless donwlink online
2026-02-06 23:17:15 | INFO | ConnectionlessDownlink | out-of-order or duplicate packet 1
2026-02-06 23:17:17 | INFO | ConnectionlessDownlink | out-of-order or duplicate packet 3
2026-02-06 23:17:18 | INFO | ConnectionlessDownlink | out-of-order or duplicate packet 4
2026-02-06 23:17:31 | INFO | ConnectionlessDownlink | out-of-order or duplicate packet 0
2026-02-06 23:17:32 | INFO | ConnectionlessDownlink | out-of-order or duplicate packet 1
2026-02-06 23:17:33 | INFO | ConnectionlessDownlink | out-of-order or duplicate packet 2
2026-02-06 23:22:54 | INFO | ConnectionlessDownlink | dropped packet number 2
2026-02-06 23:22:56 | INFO | ConnectionlessDownlink | dropped packet number 4
2026-02-06 23:31:24 | INFO | ConnectionlessDownlink | dropped packet number 2
2026-02-06 23:31:24 | INFO | ConnectionlessDownlink | dropped packet number 3
2026-02-07 10:36:27 | INFO | ConnectionlessDownlink | dropped packet number 2
2026-02-07 10:36:27 | INFO | ConnectionlessDownlink | dropped packet number 3
2026-02-07 10:36:27 | INFO | ConnectionlessDownlink | dropped packet number 4
2026-02-07 10:39:37 | INFO | ConnectionlessDownlink | dropped packet number 2
2026-02-07 10:39:48 | INFO | ConnectionlessDownlink | dropped packet number 1
2026-02-07 10:39:50 | INFO | ConnectionlessDownlink | dropped packet number 3
2026-02-07 10:43:29 | INFO | ConnectionlessDownlink | dropped packet number 4
2026-02-07 10:46:12 | INFO | ConnectionlessDownlink | dropped packet number 3
2026-02-07 10:52:33 | INFO | ConnectionlessDownlink | dropped packet number 2
2026-02-07 10:52:33 | INFO | ConnectionlessDownlink | dropped packet number 3
2026-02-07 10:52:35 | INFO | ConnectionlessDownlink | dropped packet number 5
2026-02-07 10:54:09 | INFO | ConnectionlessDownlink | dropped packet number 4
2026-02-07 10:55:04 | INFO | ConnectionlessDownlink | dropped packet number 1
2026-02-07 10:56:18 | INFO | ConnectionlessDownlink | dropped packet number 5
2026-02-07 10:56:40 | INFO | ConnectionlessDownlink | dropped packet number 10
2026-02-08 13:10:09 | INFO | ConnectionlessDownlink | dropped packet number 15
2026-02-08 13:10:14 | INFO | ConnectionlessDownlink | dropped packet number 20
2026-02-08 14:03:32 | INFO | ConnectionlessDownlink | dropped packet number 41
2026-02-08 14:03:32 | INFO | ConnectionlessDownlink | dropped packet number 42
2026-02-08 16:09:00 | INFO | ConnectionlessDownlink | dropped packet number 90
2026-02-08 16:09:03 | INFO | ConnectionlessDownlink | dropped packet number 93
2026-02-08 16:09:39 | INFO | ConnectionlessDownlink | dropped packet number 99
2026-02-08 16:11:55 | INFO | ConnectionlessDownlink | dropped packet number 109
2026-02-08 16:18:52 | INFO | ConnectionlessDownlink | dropped packet number 130
2026-02-08 16:20:45 | INFO | ConnectionlessDownlink | dropped packet number 137
2026-02-08 16:22:59 | INFO | ConnectionlessDownlink | dropped packet number 141
2026-02-08 16:24:28 | INFO | ConnectionlessDownlink | dropped packet number 149
2026-02-08 16:24:28 | INFO | ConnectionlessDownlink | dropped packet number 150
2026-02-08 16:44:53 | INFO | ConnectionlessDownlink | dropped packet number 153
2026-02-08 16:44:55 | INFO | ConnectionlessDownlink | dropped packet number 155
2026-02-08 16:45:24 | INFO | ConnectionlessDownlink | dropped packet number 163
2026-02-08 16:48:05 | INFO | ConnectionlessDownlink | dropped packet number 3
2026-02-10 14:18:15 | INFO | ConnectionlessDownlink | dropped packet number 36
2026-02-10 14:47:30 | INFO | ConnectionlessDownlink | dropped packet number 65
2026-02-10 14:47:30 | INFO | ConnectionlessDownlink | dropped packet number 66
2026-02-10 14:47:30 | INFO | ConnectionlessDownlink | dropped packet number 67
2026-02-10 14:47:30 | INFO | ConnectionlessDownlink | dropped packet number 68
2026-02-10 14:47:30 | INFO | ConnectionlessDownlink | dropped packet number 69
2026-02-10 14:47:32 | INFO | ConnectionlessDownlink | dropped packet number 71
2026-02-10 14:48:00 | INFO | ConnectionlessDownlink | dropped packet number 79
2026-02-10 14:48:25 | INFO | ConnectionlessDownlink | dropped packet number 83
2026-02-10 14:49:57 | INFO | ConnectionlessDownlink | dropped packet number 105
2026-02-10 14:50:21 | INFO | ConnectionlessDownlink | dropped packet number 109
2026-02-10 15:00:35 | INFO | ConnectionlessDownlink | dropped packet number 119
2026-02-10 15:20:45 | INFO | ConnectionlessDownlink | dropped packet number 125
2026-02-10 15:20:48 | INFO | ConnectionlessDownlink | dropped packet number 128
2026-02-10 15:21:23 | INFO | ConnectionlessDownlink | dropped packet number 130
2026-02-10 15:23:00 | INFO | ConnectionlessDownlink | dropped packet number 133
2026-02-23 05:36:50 | INFO | ConnectionlessDownlink | dropped packet number 137
2026-02-23 05:36:53 | INFO | ConnectionlessDownlink | dropped packet number 140
2026-02-23 05:42:38 | INFO | ConnectionlessDownlink | dropped packet number 145
2026-02-23 05:43:29 | INFO | ConnectionlessDownlink | dropped packet number 148
2026-02-23 05:43:29 | INFO | ConnectionlessDownlink | dropped packet number 149
2026-02-23 05:45:22 | INFO | ConnectionlessDownlink | dropped packet number 153
2026-02-23 05:45:22 | INFO | ConnectionlessDownlink | b'\x10\x18\x1a\x16\n\x14burn x = 200 y = 200'
2026-02-23 05:45:24 | INFO | ConnectionlessDownlink | b'\x10\x18\x1a\x16\n\x14burn x = 300 y = 400'
2026-02-23 05:45:25 | INFO | ConnectionlessDownlink | b'\x10\x18\x1a\x12\n\x10send health data'
