2026-03-19 08:17:38 | INFO | Idle | Entered Idle mode
2026-03-19 08:17:38 | INFO | Idle | starting activity timer for 180
2026-03-19 08:17:38 | INFO | Idle | Entered Idle mode
2026-03-19 08:17:38 | INFO | Idle | starting activity timer for 180
2026-03-19 08:17:45 | ERROR | Idle | Failed to deframe message: module 'CommunicationsModule.Audimus_pb2' has no attribute 'Session_Mode'
2026-03-19 08:17:45 | ERROR | Idle | Failed to deframe message: module 'CommunicationsModule.Audimus_pb2' has no attribute 'Session_Mode'
2026-03-19 08:17:45 | ERROR | Idle | Failed to deframe message: module 'CommunicationsModule.Audimus_pb2' has no attribute 'Session_Mode'
2026-03-19 08:18:24 | INFO | Idle | Entered Idle mode
2026-03-19 08:18:24 | INFO | Idle | starting activity timer for 180
2026-03-19 08:18:24 | INFO | Idle | Entered Idle mode
2026-03-19 08:18:24 | INFO | Idle | starting activity timer for 180
2026-03-19 08:18:50 | INFO | Idle | Entered Idle mode
2026-03-19 08:18:50 | INFO | Idle | starting activity timer for 180
2026-03-19 08:18:50 | INFO | Idle | Entered Idle mode
2026-03-19 08:18:50 | INFO | Idle | starting activity timer for 180
2026-03-19 08:23:16 | INFO | Idle | Entered Idle mode
2026-03-19 08:23:16 | INFO | Idle | starting activity timer for 180
2026-03-19 08:23:16 | INFO | Idle | Entered Idle mode
2026-03-19 08:23:16 | INFO | Idle | starting activity timer for 180
2026-03-19 08:26:16 | INFO | Idle | No activity detected, switching to Connectionless Downlink Mode
2026-03-19 08:26:16 | INFO | Idle | No activity detected, switching to Connectionless Downlink Mode
2026-03-19 08:27:31 | INFO | Idle | Entered Idle mode
2026-03-19 08:27:31 | INFO | Idle | starting activity timer for 180
2026-03-19 08:27:31 | INFO | Idle | Entered Idle mode
2026-03-19 08:27:31 | INFO | Idle | starting activity timer for 180
2026-03-19 08:27:38 | INFO | Idle | GS should not recieve message in idle
2026-03-19 08:28:24 | INFO | Idle | Entered Idle mode
2026-03-19 08:28:24 | INFO | Idle | starting activity timer for 180
2026-03-19 08:28:24 | INFO | Idle | Entered Idle mode
2026-03-19 08:28:24 | INFO | Idle | starting activity timer for 180
2026-03-19 08:28:53 | INFO | Idle | Entered Idle mode
2026-03-19 08:28:53 | INFO | Idle | starting activity timer for 180
2026-03-19 08:28:53 | INFO | Idle | Entered Idle mode
2026-03-19 08:28:53 | INFO | Idle | starting activity timer for 180
2026-03-19 08:29:29 | INFO | Idle | Entered Idle mode
2026-03-19 08:29:29 | INFO | Idle | starting activity timer for 180
2026-03-19 08:29:29 | INFO | Idle | Entered Idle mode
2026-03-19 08:29:29 | INFO | Idle | starting activity timer for 180
2026-03-19 08:30:57 | INFO | Idle | Entered Idle mode
2026-03-19 08:30:57 | INFO | Idle | starting activity timer for 180
2026-03-19 08:30:57 | INFO | Idle | Entered Idle mode
2026-03-19 08:30:57 | INFO | Idle | starting activity timer for 180
2026-03-19 08:31:12 | INFO | Idle | Entered Idle mode
2026-03-19 08:31:12 | INFO | Idle | starting activity timer for 180
2026-03-19 08:32:09 | INFO | Idle | Entered Idle mode
2026-03-19 08:32:09 | INFO | Idle | starting activity timer for 180
2026-03-19 08:32:09 | INFO | Idle | Entered Idle mode
2026-03-19 08:32:09 | INFO | Idle | starting activity timer for 180
2026-03-19 08:32:14 | INFO | Idle | Entered Idle mode
2026-03-19 08:32:14 | INFO | Idle | starting activity timer for 180
2026-03-19 08:32:40 | INFO | Idle | Entered Idle mode
2026-03-19 08:32:40 | INFO | Idle | starting activity timer for 180
2026-03-19 08:32:40 | INFO | Idle | Entered Idle mode
2026-03-19 08:32:40 | INFO | Idle | starting activity timer for 180
2026-03-19 08:32:52 | INFO | Idle | Entered Idle mode
2026-03-19 08:32:52 | INFO | Idle | starting activity timer for 180
2026-03-19 08:34:16 | INFO | Idle | Entered Idle mode
2026-03-19 08:34:16 | INFO | Idle | starting activity timer for 180
2026-03-19 08:34:16 | INFO | Idle | Entered Idle mode
2026-03-19 08:34:16 | INFO | Idle | starting activity timer for 180
2026-03-19 08:34:23 | INFO | Idle | Entered Idle mode
2026-03-19 08:34:23 | INFO | Idle | starting activity timer for 180
2026-03-19 08:37:16 | INFO | Idle | No activity detected, switching to Connectionless Downlink Mode
2026-03-19 08:37:16 | INFO | Idle | No activity detected, switching to Connectionless Downlink Mode
2026-03-19 08:37:23 | INFO | Idle | No activity detected, switching to Connectionless Downlink Mode
2026-03-19 09:20:00 | INFO | Idle | Entered Idle mode
2026-03-19 09:20:00 | INFO | Idle | Entered Idle mode
2026-03-19 09:20:00 | INFO | Idle | starting activity timer for 180
2026-03-19 09:20:00 | INFO | Idle | starting activity timer for 180
2026-03-19 09:20:07 | INFO | Idle | Entered Idle mode
2026-03-19 09:20:07 | INFO | Idle | starting activity timer for 180
2026-03-19 09:20:07 | INFO | Idle | Entered Idle mode
2026-03-19 09:20:07 | INFO | Idle | starting activity timer for 180
2026-03-19 09:21:38 | INFO | Idle | Entered Idle mode
2026-03-19 09:21:38 | INFO | Idle | starting activity timer for 180
2026-03-19 09:21:38 | INFO | Idle | Entered Idle mode
2026-03-19 09:21:38 | INFO | Idle | starting activity timer for 180
2026-03-19 09:22:14 | INFO | Idle | Entered Idle mode
2026-03-19 09:22:14 | INFO | Idle | Entered Idle mode
2026-03-19 09:22:14 | INFO | Idle | starting activity timer for 180
2026-03-19 09:22:14 | INFO | Idle | starting activity timer for 180
2026-03-19 09:24:04 | INFO | Idle | Entered Idle mode
2026-03-19 09:24:04 | INFO | Idle | starting activity timer for 180
2026-03-19 09:24:04 | INFO | Idle | Entered Idle mode
2026-03-19 09:24:04 | INFO | Idle | starting activity timer for 180
2026-03-19 09:26:31 | INFO | Idle | Entered Idle mode
2026-03-19 09:26:31 | INFO | Idle | starting activity timer for 180
2026-03-19 09:26:31 | INFO | Idle | Entered Idle mode
2026-03-19 09:26:31 | INFO | Idle | starting activity timer for 180
2026-03-19 09:26:33 | ERROR | Idle | Failed to frame SYN: 'GroundStationIdle' object has no attribute 'frame_syn'
2026-03-19 09:26:46 | INFO | Idle | Entered Idle mode
2026-03-19 09:26:46 | INFO | Idle | Entered Idle mode
2026-03-19 09:26:46 | INFO | Idle | starting activity timer for 180
2026-03-19 09:26:46 | INFO | Idle | starting activity timer for 180
2026-03-19 09:29:48 | INFO | Idle | Entered Idle mode
2026-03-19 09:29:48 | INFO | Idle | Entered Idle mode
2026-03-19 09:29:48 | INFO | Idle | starting activity timer for 180
2026-03-19 09:29:48 | INFO | Idle | starting activity timer for 180
2026-03-19 09:32:48 | INFO | Idle | No activity detected, switching to Connectionless Downlink Mode
2026-03-19 09:32:48 | INFO | Idle | No activity detected, switching to Connectionless Downlink Mode
2026-03-19 09:34:31 | INFO | Idle | Entered Idle mode
2026-03-19 09:34:31 | INFO | Idle | starting activity timer for 180
2026-03-19 09:34:31 | INFO | Idle | Entered Idle mode
2026-03-19 09:34:31 | INFO | Idle | starting activity timer for 180
2026-03-19 09:37:31 | INFO | Idle | No activity detected, switching to Connectionless Downlink Mode
2026-03-19 09:37:58 | INFO | Idle | Entered Idle mode
2026-03-19 09:37:58 | INFO | Idle | starting activity timer for 180
2026-03-19 09:37:58 | INFO | Idle | Entered Idle mode
2026-03-19 09:37:58 | INFO | Idle | starting activity timer for 180
2026-03-19 09:38:18 | INFO | Idle | Entered Idle mode
2026-03-19 09:38:18 | INFO | Idle | Entered Idle mode
2026-03-19 09:38:18 | INFO | Idle | starting activity timer for 180
2026-03-19 09:38:18 | INFO | Idle | starting activity timer for 180
2026-03-19 09:38:21 | ERROR | Idle | Failed to frame SYN: 'GroundStationIdle' object has no attribute 'frame_syn'
2026-03-19 09:39:02 | INFO | Idle | Entered Idle mode
2026-03-19 09:39:02 | INFO | Idle | starting activity timer for 180
2026-03-19 09:39:02 | INFO | Idle | Entered Idle mode
2026-03-19 09:39:02 | INFO | Idle | starting activity timer for 180
2026-03-19 09:42:02 | INFO | Idle | No activity detected, switching to Connectionless Downlink Mode
2026-03-19 09:42:02 | INFO | Idle | No activity detected, switching to Connectionless Downlink Mode
2026-03-19 09:42:29 | INFO | Idle | Entered Idle mode
2026-03-19 09:42:29 | INFO | Idle | Entered Idle mode
2026-03-19 09:42:29 | INFO | Idle | starting activity timer for 180
2026-03-19 09:42:29 | INFO | Idle | starting activity timer for 180
2026-03-19 09:43:09 | INFO | Idle | Entered Idle mode
2026-03-19 09:43:09 | INFO | Idle | starting activity timer for 180
2026-03-19 09:43:09 | INFO | Idle | Entered Idle mode
2026-03-19 09:43:09 | INFO | Idle | starting activity timer for 180
2026-03-19 09:43:13 | ERROR | Idle | Failed to frame SYN: 'GroundStationIdle' object has no attribute 'frame_syn'
2026-03-19 09:43:46 | INFO | Idle | Entered Idle mode
2026-03-19 09:43:46 | INFO | Idle | starting activity timer for 180
2026-03-19 09:43:46 | INFO | Idle | Entered Idle mode
2026-03-19 09:43:46 | INFO | Idle | starting activity timer for 180
2026-03-19 09:44:22 | INFO | Idle | Entered Idle mode
2026-03-19 09:44:22 | INFO | Idle | starting activity timer for 180
2026-03-19 09:44:22 | INFO | Idle | Entered Idle mode
2026-03-19 09:44:22 | INFO | Idle | starting activity timer for 180
2026-03-19 09:45:50 | INFO | Idle | Entered Idle mode
2026-03-19 09:45:50 | INFO | Idle | starting activity timer for 180
2026-03-19 09:45:50 | INFO | Idle | Entered Idle mode
2026-03-19 09:45:50 | INFO | Idle | starting activity timer for 180
2026-03-19 09:46:57 | INFO | Idle | Entered Idle mode
2026-03-19 09:46:57 | INFO | Idle | starting activity timer for 180
2026-03-19 09:46:58 | INFO | Idle | Entered Idle mode
2026-03-19 09:46:58 | INFO | Idle | starting activity timer for 180
2026-03-19 09:47:53 | INFO | Idle | Entered Idle mode
2026-03-19 09:47:53 | INFO | Idle | starting activity timer for 180
2026-03-19 09:47:53 | INFO | Idle | starting activity timer for 180
2026-03-19 09:48:37 | INFO | Idle | Entered Idle mode
2026-03-19 09:48:37 | INFO | Idle | starting activity timer for 180
2026-03-19 09:48:37 | INFO | Idle | Entered Idle mode
2026-03-19 09:48:37 | INFO | Idle | starting activity timer for 180
2026-03-19 09:49:23 | INFO | Idle | Entered Idle mode
2026-03-19 09:49:23 | INFO | Idle | starting activity timer for 180
2026-03-19 09:49:23 | INFO | Idle | Entered Idle mode
2026-03-19 09:49:23 | INFO | Idle | starting activity timer for 180
2026-03-19 09:52:23 | INFO | Idle | No activity detected, switching to Connectionless Downlink Mode
2026-03-19 09:53:16 | INFO | Idle | Entered Idle mode
2026-03-19 09:53:16 | INFO | Idle | starting activity timer for 180
2026-03-19 09:53:16 | INFO | Idle | Entered Idle mode
2026-03-19 09:53:16 | INFO | Idle | starting activity timer for 180
2026-03-19 09:53:41 | INFO | Idle | Entered Idle mode
2026-03-19 09:53:41 | INFO | Idle | starting activity timer for 180
2026-03-19 09:53:41 | INFO | Idle | Entered Idle mode
2026-03-19 09:53:41 | INFO | Idle | starting activity timer for 180
2026-03-19 09:56:23 | INFO | Idle | Entered Idle mode
2026-03-19 09:56:23 | INFO | Idle | starting activity timer for 180
2026-03-19 09:56:23 | INFO | Idle | Entered Idle mode
2026-03-19 09:56:23 | INFO | Idle | starting activity timer for 180
2026-03-19 09:57:44 | INFO | Idle | Entered Idle mode
2026-03-19 09:57:44 | INFO | Idle | starting activity timer for 180
2026-03-19 09:57:44 | INFO | Idle | Entered Idle mode
2026-03-19 09:57:44 | INFO | Idle | starting activity timer for 180
2026-03-19 09:58:25 | INFO | Idle | Entered Idle mode
2026-03-19 09:58:25 | INFO | Idle | starting activity timer for 180
2026-03-19 09:58:26 | INFO | Idle | Entered Idle mode
2026-03-19 09:58:26 | INFO | Idle | starting activity timer for 180
2026-03-19 09:59:24 | INFO | Idle | Entered Idle mode
2026-03-19 09:59:24 | INFO | Idle | starting activity timer for 180
2026-03-19 09:59:24 | INFO | Idle | Entered Idle mode
2026-03-19 09:59:24 | INFO | Idle | starting activity timer for 180
2026-03-19 10:00:12 | INFO | Idle | Entered Idle mode
2026-03-19 10:00:12 | INFO | Idle | starting activity timer for 180
2026-03-19 10:00:12 | INFO | Idle | Entered Idle mode
2026-03-19 10:00:12 | INFO | Idle | starting activity timer for 180
2026-03-19 10:00:52 | INFO | Idle | Entered Idle mode
2026-03-19 10:00:52 | INFO | Idle | Entered Idle mode
2026-03-19 10:00:52 | INFO | Idle | starting activity timer for 180
2026-03-19 10:00:52 | INFO | Idle | starting activity timer for 180
2026-03-19 10:00:58 | INFO | Idle | Entered Idle mode
2026-03-19 10:00:58 | INFO | Idle | starting activity timer for 180
2026-03-19 10:00:58 | INFO | Idle | Entered Idle mode
2026-03-19 10:00:58 | INFO | Idle | starting activity timer for 180
2026-03-19 10:01:01 | ERROR | Idle | Failed to frame SYN: 'GroundStationIdle' object has no attribute 'frame_syn'
2026-03-19 10:01:46 | INFO | Idle | Entered Idle mode
2026-03-19 10:01:46 | INFO | Idle | Entered Idle mode
2026-03-19 10:01:46 | INFO | Idle | starting activity timer for 180
2026-03-19 10:01:46 | INFO | Idle | starting activity timer for 180
2026-03-19 10:02:21 | INFO | Idle | Entered Idle mode
2026-03-19 10:02:21 | INFO | Idle | starting activity timer for 180
2026-03-19 10:02:21 | INFO | Idle | Entered Idle mode
2026-03-19 10:02:21 | INFO | Idle | starting activity timer for 180
2026-03-19 10:02:57 | INFO | Idle | Entered Idle mode
2026-03-19 10:02:57 | INFO | Idle | starting activity timer for 180
2026-03-19 10:02:57 | INFO | Idle | Entered Idle mode
2026-03-19 10:02:57 | INFO | Idle | starting activity timer for 180
2026-03-19 10:03:35 | INFO | Idle | Entered Idle mode
2026-03-19 10:03:35 | INFO | Idle | Entered Idle mode
2026-03-19 10:03:35 | INFO | Idle | starting activity timer for 180
2026-03-19 10:03:35 | INFO | Idle | starting activity timer for 180
2026-03-19 10:05:03 | INFO | Idle | Entered Idle mode
2026-03-19 10:05:03 | INFO | Idle | Entered Idle mode
2026-03-19 10:05:03 | INFO | Idle | starting activity timer for 180
2026-03-19 10:05:03 | INFO | Idle | starting activity timer for 180
2026-03-19 10:06:18 | INFO | Idle | Entered Idle mode
2026-03-19 10:06:18 | INFO | Idle | starting activity timer for 180
2026-03-19 10:06:18 | INFO | Idle | Entered Idle mode
2026-03-19 10:06:18 | INFO | Idle | starting activity timer for 180
2026-03-19 10:06:28 | INFO | Idle | Entered Idle mode
2026-03-19 10:06:28 | INFO | Idle | starting activity timer for 180
2026-03-19 10:06:29 | INFO | Idle | Entered Idle mode
2026-03-19 10:06:29 | INFO | Idle | starting activity timer for 180
2026-03-19 10:09:18 | INFO | Idle | No activity detected, switching to Connectionless Downlink Mode
2026-03-19 10:09:18 | INFO | Idle | No activity detected, switching to Connectionless Downlink Mode
2026-03-19 10:09:29 | INFO | Idle | No activity detected, switching to Connectionless Downlink Mode
2026-03-19 10:09:29 | INFO | Idle | No activity detected, switching to Connectionless Downlink Mode
2026-03-19 10:24:55 | INFO | Idle | Entered Idle mode
2026-03-19 10:24:55 | INFO | Idle | starting activity timer for 180
2026-03-19 10:24:55 | INFO | Idle | Entered Idle mode
2026-03-19 10:24:55 | INFO | Idle | starting activity timer for 180
2026-03-19 10:25:24 | ERROR | Idle | Failed to frame SYN: 'GroundStationIdle' object has no attribute 'frame_syn'
2026-03-19 10:25:37 | INFO | Idle | Entered Idle mode
2026-03-19 10:25:37 | INFO | Idle | starting activity timer for 180
2026-03-19 10:25:37 | INFO | Idle | Entered Idle mode
2026-03-19 10:25:37 | INFO | Idle | starting activity timer for 180
2026-03-19 10:26:52 | INFO | Idle | Entered Idle mode
2026-03-19 10:26:52 | INFO | Idle | starting activity timer for 180
2026-03-19 10:27:55 | INFO | Idle | No activity detected, switching to Connectionless Downlink Mode
2026-03-19 10:28:37 | INFO | Idle | No activity detected, switching to Connectionless Downlink Mode
2026-03-19 10:28:37 | INFO | Idle | No activity detected, switching to Connectionless Downlink Mode
2026-03-19 10:29:52 | INFO | Idle | No activity detected, switching to Connectionless Downlink Mode
